// Jest Snapshot v1, https://goo.gl/fbAQLP

exports[`ClassesWaittingForStart 快照测试 1`] = `
<div>
  <!---->
</div>
`;
