// Jest Snapshot v1, https://goo.gl/fbAQLP

exports[`EditSemesterInfoPage 快照测试 1`] = `
<section class="el-container">
  <main class="el-main">
    <div class="el-page-header">
      <div class="el-page-header__left"><i class="el-icon-back"></i>
        <div class="el-page-header__title">返回</div>
      </div>
      <div class="el-page-header__content">修改学期信息</div>
    </div>
    <div class="el-divider el-divider--horizontal">
      <!---->
    </div>
    <div class="el-card activity-card is-never-shadow">
      <!---->
      <div class="el-card__body">
        <form class="el-form activity-table">
          <div class="el-form-item activity-title"><label class="el-form-item__label" style="width: 150px;">学期主题：</label>
            <div class="el-form-item__content" style="margin-left: 150px;">
              <div class="short-text el-input">
                <!----><input type="text" autocomplete="off" placeholder="请输入本学期主题" class="el-input__inner">
                <!---->
                <!---->
                <!---->
                <!---->
              </div>
              <!---->
            </div>
          </div>
          <div class="el-form-item"><label class="el-form-item__label" style="width: 150px;">学期介绍：</label>
            <div class="el-form-item__content" style="margin-left: 150px;">
              <div class="long-text el-textarea"><textarea autocomplete="off" placeholder="请输入本学期介绍" class="el-textarea__inner" style="min-height: -24px; height: -120px;"></textarea>
                <!---->
              </div>
              <!---->
            </div>
          </div>
          <div class="el-form-item">
            <!---->
            <div class="el-form-item__content" style="margin-left: 150px;">
              <div class="el-row is-justify-space-around el-row--flex">
                <div class="el-col el-col-3"><button type="button" class="el-button el-button--primary">
                    <!---->
                    <!----><span>保存</span></button></div>
                <div class="el-col el-col-3"><button type="button" class="el-button el-button--default">
                    <!---->
                    <!----><span>清空</span></button></div>
              </div>
              <!---->
            </div>
          </div>
        </form>
      </div>
    </div>
  </main>
</section>
`;
