// Jest Snapshot v1, https://goo.gl/fbAQLP

exports[`ActivityCompleted 快照测试 1`] = `<div></div>`;
