// Jest Snapshot v1, https://goo.gl/fbAQLP

exports[`ActivityUnopened 快照测试 1`] = `<div></div>`;
