// Jest Snapshot v1, https://goo.gl/fbAQLP

exports[`ShowAlumniEditHistoryPage 快照测试 1`] = `
<el-container>
  <el-main>
    <el-page-header content="资料详情"></el-page-header>
    <el-divider></el-divider>
    <el-table data="[object Object],[object Object],[object Object],[object Object],[object Object],[object Object],[object Object],[object Object],[object Object],[object Object]" stripe="" class="history-table">
      <el-table-column prop="id" align="center" label="编号"></el-table-column>
      <el-table-column prop="time" align="center" label="时间"></el-table-column>
      <el-table-column align="center" label="操作">
        <el-button type="primary" size="small" icon="el-icon-more" circle=""></el-button>
      </el-table-column>
    </el-table>
  </el-main>
  <el-footer>
    <el-row>
      <el-col span="8" offset="8">
        <el-pagination current-page="1" page-sizes="10,20,30,40" page-size="10" layout="total, sizes, prev, pager, next, jumper" total="10" class="pagination"></el-pagination>
      </el-col>
    </el-row>
  </el-footer>
</el-container>
`;
